../Core/Src/stm32h7xx_it.c:80:6:NMI_Handler	4	static
../Core/Src/stm32h7xx_it.c:95:6:HardFault_Handler	4	static
../Core/Src/stm32h7xx_it.c:110:6:MemManage_Handler	4	static
../Core/Src/stm32h7xx_it.c:125:6:BusFault_Handler	4	static
../Core/Src/stm32h7xx_it.c:140:6:UsageFault_Handler	4	static
../Core/Src/stm32h7xx_it.c:155:6:DebugMon_Handler	4	static
../Core/Src/stm32h7xx_it.c:175:6:ADC_IRQHandler	8	static
../Core/Src/stm32h7xx_it.c:197:6:TIM4_IRQHandler	8	static
../Core/Src/stm32h7xx_it.c:211:6:SPI2_IRQHandler	8	static
../Core/Src/stm32h7xx_it.c:225:6:TIM6_DAC_IRQHandler	8	static
../Core/Src/stm32h7xx_it.c:239:6:ADC3_IRQHandler	8	static
../Core/Src/stm32h7xx_it.c:259:13:gateDriveShutdown	8	static
